// Jest Snapshot v1, https://goo.gl/fbAQLP

exports[`[POST] /hobbits snapshot 1`] = `
Object {
  "id": 5,
  "name": "bilbo",
}
`;
